<html>
<body>
<pre>
<h1>µVision Build Log</h1>
<h2>Project:</h2>
C:\Users\IamDu\Desktop\sine_wave\sine_wave.uvproj
Project File Date:  07/29/2023

<h2>Output:</h2>
Build target 'QVGA Base Board'
compiling drawTime.c...
src\drawTime.c(25): warning:  #177-D: variable "width" was declared but never referenced
linking...
Program Size: Code=3376 RO-data=32 RW-data=72 ZI-data=1384  
".\output\sine_wave.axf" - 0 Error(s), 1 Warning(s).
Build target 'QVGA Base Board'
compiling main.c...
src\main.c(43): warning:  #174-D: expression has no effect
src\main.c(44): error:  #65: expected a ";"
src\main.c(69): warning:  #111-D: statement is unreachable
compiling timer.c...
compiling drawTime.c...
src\drawTime.c(24): warning:  #177-D: variable "width" was declared but never referenced
Target not created
Build target 'QVGA Base Board'
compiling main.c...
src\main.c(78): warning:  #111-D: statement is unreachable
linking...
Program Size: Code=14952 RO-data=808 RW-data=76 ZI-data=1388  
".\output\sine_wave.axf" - 0 Error(s), 1 Warning(s).
Build target 'QVGA Base Board'
compiling main.c...
src\main.c(76): warning:  #111-D: statement is unreachable
compiling timer.c...
linking...
Program Size: Code=15012 RO-data=808 RW-data=76 ZI-data=1388  
".\output\sine_wave.axf" - 0 Error(s), 1 Warning(s).
Build target 'QVGA Base Board'
compiling main.c...
src\main.c(81): warning:  #111-D: statement is unreachable
compiling automation.c...
src\automation.c(73): error:  #20: identifier "PINSEL" is undefined
Target not created
Build target 'QVGA Base Board'
compiling automation.c...
linking...
Program Size: Code=15008 RO-data=808 RW-data=76 ZI-data=1388  
".\output\sine_wave.axf" - 0 Error(s), 0 Warning(s).
Build target 'QVGA Base Board'
compiling main.c...
src\main.c(63): warning:  #223-D: function "configureLadder" declared implicitly
src\main.c(68): warning:  #111-D: statement is unreachable
compiling automation.c...
src\automation.c(48): error:  #268: declaration may not appear after executable statement in block
Target not created
Build target 'QVGA Base Board'
compiling main.c...
src\main.c(67): warning:  #111-D: statement is unreachable
compiling automation.c...
linking...
Program Size: Code=18076 RO-data=808 RW-data=96 ZI-data=1384  
".\output\sine_wave.axf" - 0 Error(s), 1 Warning(s).
Build target 'QVGA Base Board'
compiling main.c...
src\main.c(67): warning:  #111-D: statement is unreachable
linking...
Program Size: Code=15056 RO-data=808 RW-data=76 ZI-data=1388  
".\output\sine_wave.axf" - 0 Error(s), 1 Warning(s).
Build target 'QVGA Base Board'
compiling main.c...
src\main.c(45): error:  #65: expected a ";"
src\main.c(62): error:  #137: expression must be a modifiable lvalue
src\main.c(63): error:  #167: argument of type "profile" is incompatible with parameter of type "profile *"
src\main.c(67): warning:  #111-D: statement is unreachable
compiling automation.c...
src\automation.c(48): error:  #20: identifier "i" is undefined
Target not created
Build target 'QVGA Base Board'
compiling main.c...
src\main.c(63): error:  #20: identifier "time" is undefined
src\main.c(63): error:  #167: argument of type "profile" is incompatible with parameter of type "profile *"
src\main.c(67): warning:  #111-D: statement is unreachable
compiling automation.c...
src\automation.c(48): error:  #20: identifier "i" is undefined
Target not created
Build target 'QVGA Base Board'
compiling main.c...
src\main.c(63): error:  #167: argument of type "profile" is incompatible with parameter of type "profile *"
src\main.c(67): warning:  #111-D: statement is unreachable
compiling automation.c...
src\automation.c(48): error:  #20: identifier "i" is undefined
Target not created
Build target 'QVGA Base Board'
compiling main.c...
src\main.c(67): warning:  #111-D: statement is unreachable
compiling automation.c...
src\automation.c(48): error:  #20: identifier "i" is undefined
Target not created
Build target 'QVGA Base Board'
compiling main.c...
src\main.c(67): warning:  #111-D: statement is unreachable
compiling automation.c...
linking...
Program Size: Code=15060 RO-data=808 RW-data=76 ZI-data=1388  
".\output\sine_wave.axf" - 0 Error(s), 1 Warning(s).
Build target 'QVGA Base Board'
linking...
Program Size: Code=15060 RO-data=808 RW-data=76 ZI-data=1388  
".\output\sine_wave.axf" - 0 Error(s), 0 Warning(s).
Build target 'QVGA Base Board'
compiling sine_wave_data.c...
linking...
Program Size: Code=15060 RO-data=808 RW-data=76 ZI-data=1388  
".\output\sine_wave.axf" - 0 Error(s), 0 Warning(s).
Build target 'QVGA Base Board'
compiling automation.c...
linking...
Program Size: Code=15068 RO-data=808 RW-data=76 ZI-data=1388  
".\output\sine_wave.axf" - 0 Error(s), 0 Warning(s).
Build target 'QVGA Base Board'
compiling automation.c...
linking...
Program Size: Code=14692 RO-data=808 RW-data=76 ZI-data=1388  
".\output\sine_wave.axf" - 0 Error(s), 0 Warning(s).
Build target 'QVGA Base Board'
compiling main.c...
src\main.c(67): warning:  #111-D: statement is unreachable
linking...
Program Size: Code=14688 RO-data=808 RW-data=76 ZI-data=1388  
".\output\sine_wave.axf" - 0 Error(s), 1 Warning(s).
Build target 'QVGA Base Board'
compiling automation.c...
linking...
Program Size: Code=14692 RO-data=808 RW-data=76 ZI-data=1388  
".\output\sine_wave.axf" - 0 Error(s), 0 Warning(s).
